     group     |      album      | year 
---------------+-----------------+------
 Grand Forties | Beyond New York | 2019
(1 row)
